// Jest Snapshot v1, https://goo.gl/fbAQLP

exports[`ButtonWithIcon Component renders correctly 1`] = `ShallowWrapper {}`;
