// Jest Snapshot v1, https://goo.gl/fbAQLP

exports[`FlashMessage Component renders correctly 1`] = `ShallowWrapper {}`;
