// Jest Snapshot v1, https://goo.gl/fbAQLP

exports[`Add Contact Screen renders correctly 1`] = `ShallowWrapper {}`;
