// Jest Snapshot v1, https://goo.gl/fbAQLP

exports[`Contact Detail Screen renders correctly 1`] = `ShallowWrapper {}`;
