// Jest Snapshot v1, https://goo.gl/fbAQLP

exports[`Contact List Screen renders correctly 1`] = `ShallowWrapper {}`;
