// Jest Snapshot v1, https://goo.gl/fbAQLP

exports[`Edit Contact Screen renders correctly 1`] = `ShallowWrapper {}`;
