// Jest Snapshot v1, https://goo.gl/fbAQLP

exports[`Contact  Detail Form renders correctly 1`] = `ShallowWrapper {}`;
